[1.429s] Invoking command in '/home/ahmad/coverage_ws/src/coverage_planner': PYTHONPATH=/home/ahmad/coverage_ws/build/coverage_planner/prefix_override:/usr/lib/python3/dist-packages/colcon_core/task/python/colcon_distutils_commands:/home/ahmad/coverage_ws/install/coverage_planner/lib/python3.10/site-packages:${PYTHONPATH} /usr/bin/python3 -W ignore:setup.py install is deprecated -W ignore:easy_install command is deprecated setup.py egg_info --egg-base ../../build/coverage_planner build --build-base /home/ahmad/coverage_ws/build/coverage_planner/build install --record /home/ahmad/coverage_ws/build/coverage_planner/install.log --install-scripts $base/lib/coverage_planner --single-version-externally-managed install_data
[1.734s] /home/ahmad/.local/lib/python3.10/site-packages/setuptools/dist.py:599: SetuptoolsDeprecationWarning: Invalid dash-separated key 'script-dir' in 'develop' (setup.cfg), please use the underscore name 'script_dir' instead.
[1.735s] !!
[1.735s] 
[1.735s]         ********************************************************************************
[1.735s]         Usage of dash-separated 'script-dir' will not be supported in future
[1.736s]         versions. Please use the underscore name 'script_dir' instead.
[1.736s] 
[1.736s] 
[1.736s]         Available configuration options are listed in:
[1.736s]         https://setuptools.pypa.io/en/latest/userguide/declarative_config.html
[1.738s] 
[1.738s]         This deprecation is overdue, please update your project and remove deprecated
[1.738s]         calls to avoid build errors in the future.
[1.738s] 
[1.738s]         See https://github.com/pypa/setuptools/discussions/5011 for details.
[1.739s]         ********************************************************************************
[1.739s] 
[1.739s] !!
[1.739s]   opt = self._enforce_underscore(opt, section)
[1.778s] /home/ahmad/.local/lib/python3.10/site-packages/setuptools/_distutils/dist.py:288: UserWarning: Unknown distribution option: 'tests_require'
[1.778s]   warnings.warn(msg)
[1.863s] /home/ahmad/.local/lib/python3.10/site-packages/setuptools/dist.py:599: SetuptoolsDeprecationWarning: Invalid dash-separated key 'script-dir' in 'develop' (setup.cfg), please use the underscore name 'script_dir' instead.
[1.864s] !!
[1.864s] 
[1.864s]         ********************************************************************************
[1.864s]         Usage of dash-separated 'script-dir' will not be supported in future
[1.864s]         versions. Please use the underscore name 'script_dir' instead.
[1.864s]         (Affected: coverage_planner).
[1.865s] 
[1.865s]         Available configuration options are listed in:
[1.865s]         https://setuptools.pypa.io/en/latest/userguide/declarative_config.html
[1.865s] 
[1.866s]         This deprecation is overdue, please update your project and remove deprecated
[1.866s]         calls to avoid build errors in the future.
[1.866s] 
[1.867s]         See https://github.com/pypa/setuptools/discussions/5011 for details.
[1.867s]         ********************************************************************************
[1.867s] 
[1.868s] !!
[1.868s]   opt = self._enforce_underscore(opt, section)
[2.029s] running egg_info
[2.069s] writing ../../build/coverage_planner/coverage_planner.egg-info/PKG-INFO
[2.070s] writing dependency_links to ../../build/coverage_planner/coverage_planner.egg-info/dependency_links.txt
[2.070s] writing entry points to ../../build/coverage_planner/coverage_planner.egg-info/entry_points.txt
[2.070s] writing requirements to ../../build/coverage_planner/coverage_planner.egg-info/requires.txt
[2.071s] writing top-level names to ../../build/coverage_planner/coverage_planner.egg-info/top_level.txt
[2.155s] reading manifest file '../../build/coverage_planner/coverage_planner.egg-info/SOURCES.txt'
[2.158s] writing manifest file '../../build/coverage_planner/coverage_planner.egg-info/SOURCES.txt'
[2.158s] running build
[2.159s] running build_py
[2.159s] copying coverage_planner/__init__.py -> /home/ahmad/coverage_ws/build/coverage_planner/build/lib/coverage_planner
[2.159s] copying coverage_planner/coverage_planner_node.py -> /home/ahmad/coverage_ws/build/coverage_planner/build/lib/coverage_planner
[2.160s] running install
[2.169s] running install_lib
[2.208s] running install_data
[2.209s] copying resource/coverage_planner -> /home/ahmad/coverage_ws/install/coverage_planner/share/ament_index/resource_index/packages
[2.210s] running install_egg_info
[2.260s] removing '/home/ahmad/coverage_ws/install/coverage_planner/lib/python3.10/site-packages/coverage_planner-0.0.1-py3.10.egg-info' (and everything under it)
[2.260s] Copying ../../build/coverage_planner/coverage_planner.egg-info to /home/ahmad/coverage_ws/install/coverage_planner/lib/python3.10/site-packages/coverage_planner-0.0.1-py3.10.egg-info
[2.261s] running install_scripts
[2.333s] Installing coverage_planner_node script to /home/ahmad/coverage_ws/install/coverage_planner/lib/coverage_planner
[2.334s] writing list of installed files to '/home/ahmad/coverage_ws/build/coverage_planner/install.log'
[2.388s] Invoked command in '/home/ahmad/coverage_ws/src/coverage_planner' returned '0': PYTHONPATH=/home/ahmad/coverage_ws/build/coverage_planner/prefix_override:/usr/lib/python3/dist-packages/colcon_core/task/python/colcon_distutils_commands:/home/ahmad/coverage_ws/install/coverage_planner/lib/python3.10/site-packages:${PYTHONPATH} /usr/bin/python3 -W ignore:setup.py install is deprecated -W ignore:easy_install command is deprecated setup.py egg_info --egg-base ../../build/coverage_planner build --build-base /home/ahmad/coverage_ws/build/coverage_planner/build install --record /home/ahmad/coverage_ws/build/coverage_planner/install.log --install-scripts $base/lib/coverage_planner --single-version-externally-managed install_data
