[1.466s] Invoking command in '/home/ahmad/coverage_ws/src/coverage_planner': PYTHONPATH=/home/ahmad/coverage_ws/build/coverage_planner/prefix_override:/usr/lib/python3/dist-packages/colcon_core/task/python/colcon_distutils_commands:/home/ahmad/coverage_ws/install/coverage_planner/lib/python3.10/site-packages:${PYTHONPATH} /usr/bin/python3 -W ignore:setup.py install is deprecated -W ignore:easy_install command is deprecated setup.py egg_info --egg-base ../../build/coverage_planner build --build-base /home/ahmad/coverage_ws/build/coverage_planner/build install --record /home/ahmad/coverage_ws/build/coverage_planner/install.log --install-scripts $base/lib/coverage_planner --single-version-externally-managed install_data
[1.976s] /home/ahmad/.local/lib/python3.10/site-packages/setuptools/dist.py:599: SetuptoolsDeprecationWarning: Invalid dash-separated key 'script-dir' in 'develop' (setup.cfg), please use the underscore name 'script_dir' instead.
[1.976s] !!
[1.976s] 
[1.977s]         ********************************************************************************
[1.977s]         Usage of dash-separated 'script-dir' will not be supported in future
[1.977s]         versions. Please use the underscore name 'script_dir' instead.
[1.977s] 
[1.977s] 
[1.977s]         Available configuration options are listed in:
[1.977s]         https://setuptools.pypa.io/en/latest/userguide/declarative_config.html
[1.978s] 
[1.978s]         This deprecation is overdue, please update your project and remove deprecated
[1.978s]         calls to avoid build errors in the future.
[1.978s] 
[1.978s]         See https://github.com/pypa/setuptools/discussions/5011 for details.
[1.978s]         ********************************************************************************
[1.978s] 
[1.978s] !!
[1.978s]   opt = self._enforce_underscore(opt, section)
[2.014s] /home/ahmad/.local/lib/python3.10/site-packages/setuptools/_distutils/dist.py:288: UserWarning: Unknown distribution option: 'tests_require'
[2.014s]   warnings.warn(msg)
[2.096s] /home/ahmad/.local/lib/python3.10/site-packages/setuptools/dist.py:599: SetuptoolsDeprecationWarning: Invalid dash-separated key 'script-dir' in 'develop' (setup.cfg), please use the underscore name 'script_dir' instead.
[2.096s] !!
[2.096s] 
[2.096s]         ********************************************************************************
[2.097s]         Usage of dash-separated 'script-dir' will not be supported in future
[2.097s]         versions. Please use the underscore name 'script_dir' instead.
[2.097s]         (Affected: coverage_planner).
[2.097s] 
[2.097s]         Available configuration options are listed in:
[2.097s]         https://setuptools.pypa.io/en/latest/userguide/declarative_config.html
[2.097s] 
[2.097s]         This deprecation is overdue, please update your project and remove deprecated
[2.097s]         calls to avoid build errors in the future.
[2.097s] 
[2.097s]         See https://github.com/pypa/setuptools/discussions/5011 for details.
[2.098s]         ********************************************************************************
[2.098s] 
[2.098s] !!
[2.098s]   opt = self._enforce_underscore(opt, section)
[2.243s] running egg_info
[2.287s] writing ../../build/coverage_planner/coverage_planner.egg-info/PKG-INFO
[2.287s] writing dependency_links to ../../build/coverage_planner/coverage_planner.egg-info/dependency_links.txt
[2.287s] writing entry points to ../../build/coverage_planner/coverage_planner.egg-info/entry_points.txt
[2.287s] writing requirements to ../../build/coverage_planner/coverage_planner.egg-info/requires.txt
[2.288s] writing top-level names to ../../build/coverage_planner/coverage_planner.egg-info/top_level.txt
[2.368s] reading manifest file '../../build/coverage_planner/coverage_planner.egg-info/SOURCES.txt'
[2.371s] writing manifest file '../../build/coverage_planner/coverage_planner.egg-info/SOURCES.txt'
[2.372s] running build
[2.372s] running build_py
[2.373s] copying coverage_planner/__init__.py -> /home/ahmad/coverage_ws/build/coverage_planner/build/lib/coverage_planner
[2.375s] copying coverage_planner/coverage_planner_node.py -> /home/ahmad/coverage_ws/build/coverage_planner/build/lib/coverage_planner
[2.375s] copying coverage_planner/mission_executor.py -> /home/ahmad/coverage_ws/build/coverage_planner/build/lib/coverage_planner
[2.376s] running install
[2.389s] running install_lib
[2.431s] running install_data
[2.432s] copying resource/coverage_planner -> /home/ahmad/coverage_ws/install/coverage_planner/share/ament_index/resource_index/packages
[2.432s] running install_egg_info
[2.467s] removing '/home/ahmad/coverage_ws/install/coverage_planner/lib/python3.10/site-packages/coverage_planner-0.0.1-py3.10.egg-info' (and everything under it)
[2.467s] Copying ../../build/coverage_planner/coverage_planner.egg-info to /home/ahmad/coverage_ws/install/coverage_planner/lib/python3.10/site-packages/coverage_planner-0.0.1-py3.10.egg-info
[2.469s] running install_scripts
[2.562s] Installing coverage_planner_node script to /home/ahmad/coverage_ws/install/coverage_planner/lib/coverage_planner
[2.562s] Installing mission_executer_node script to /home/ahmad/coverage_ws/install/coverage_planner/lib/coverage_planner
[2.563s] writing list of installed files to '/home/ahmad/coverage_ws/build/coverage_planner/install.log'
[2.615s] Invoked command in '/home/ahmad/coverage_ws/src/coverage_planner' returned '0': PYTHONPATH=/home/ahmad/coverage_ws/build/coverage_planner/prefix_override:/usr/lib/python3/dist-packages/colcon_core/task/python/colcon_distutils_commands:/home/ahmad/coverage_ws/install/coverage_planner/lib/python3.10/site-packages:${PYTHONPATH} /usr/bin/python3 -W ignore:setup.py install is deprecated -W ignore:easy_install command is deprecated setup.py egg_info --egg-base ../../build/coverage_planner build --build-base /home/ahmad/coverage_ws/build/coverage_planner/build install --record /home/ahmad/coverage_ws/build/coverage_planner/install.log --install-scripts $base/lib/coverage_planner --single-version-externally-managed install_data
