[1.128s] Invoking command in '/home/ahmad/coverage_ws/src/coverage_planner': PYTHONPATH=/home/ahmad/coverage_ws/build/coverage_planner/prefix_override:/usr/lib/python3/dist-packages/colcon_core/task/python/colcon_distutils_commands:/home/ahmad/coverage_ws/install/coverage_planner/lib/python3.10/site-packages:${PYTHONPATH} /usr/bin/python3 -W ignore:setup.py install is deprecated -W ignore:easy_install command is deprecated setup.py egg_info --egg-base ../../build/coverage_planner build --build-base /home/ahmad/coverage_ws/build/coverage_planner/build install --record /home/ahmad/coverage_ws/build/coverage_planner/install.log --install-scripts $base/lib/coverage_planner --single-version-externally-managed install_data
[1.326s] /home/ahmad/.local/lib/python3.10/site-packages/setuptools/dist.py:599: SetuptoolsDeprecationWarning: Invalid dash-separated key 'script-dir' in 'develop' (setup.cfg), please use the underscore name 'script_dir' instead.
[1.327s] !!
[1.327s] 
[1.327s]         ********************************************************************************
[1.327s]         Usage of dash-separated 'script-dir' will not be supported in future
[1.327s]         versions. Please use the underscore name 'script_dir' instead.
[1.327s] 
[1.328s] 
[1.328s]         Available configuration options are listed in:
[1.328s]         https://setuptools.pypa.io/en/latest/userguide/declarative_config.html
[1.328s] 
[1.328s]         This deprecation is overdue, please update your project and remove deprecated
[1.328s]         calls to avoid build errors in the future.
[1.329s] 
[1.329s]         See https://github.com/pypa/setuptools/discussions/5011 for details.
[1.329s]         ********************************************************************************
[1.329s] 
[1.329s] !!
[1.330s]   opt = self._enforce_underscore(opt, section)
[1.353s] /home/ahmad/.local/lib/python3.10/site-packages/setuptools/_distutils/dist.py:288: UserWarning: Unknown distribution option: 'tests_require'
[1.354s]   warnings.warn(msg)
[1.400s] /home/ahmad/.local/lib/python3.10/site-packages/setuptools/dist.py:599: SetuptoolsDeprecationWarning: Invalid dash-separated key 'script-dir' in 'develop' (setup.cfg), please use the underscore name 'script_dir' instead.
[1.400s] !!
[1.400s] 
[1.401s]         ********************************************************************************
[1.401s]         Usage of dash-separated 'script-dir' will not be supported in future
[1.401s]         versions. Please use the underscore name 'script_dir' instead.
[1.401s]         (Affected: coverage_planner).
[1.401s] 
[1.401s]         Available configuration options are listed in:
[1.401s]         https://setuptools.pypa.io/en/latest/userguide/declarative_config.html
[1.401s] 
[1.401s]         This deprecation is overdue, please update your project and remove deprecated
[1.401s]         calls to avoid build errors in the future.
[1.401s] 
[1.401s]         See https://github.com/pypa/setuptools/discussions/5011 for details.
[1.401s]         ********************************************************************************
[1.402s] 
[1.402s] !!
[1.402s]   opt = self._enforce_underscore(opt, section)
[1.498s] running egg_info
[1.522s] writing ../../build/coverage_planner/coverage_planner.egg-info/PKG-INFO
[1.523s] writing dependency_links to ../../build/coverage_planner/coverage_planner.egg-info/dependency_links.txt
[1.523s] writing entry points to ../../build/coverage_planner/coverage_planner.egg-info/entry_points.txt
[1.523s] writing requirements to ../../build/coverage_planner/coverage_planner.egg-info/requires.txt
[1.523s] writing top-level names to ../../build/coverage_planner/coverage_planner.egg-info/top_level.txt
[1.574s] reading manifest file '../../build/coverage_planner/coverage_planner.egg-info/SOURCES.txt'
[1.576s] writing manifest file '../../build/coverage_planner/coverage_planner.egg-info/SOURCES.txt'
[1.576s] running build
[1.576s] running build_py
[1.577s] copying coverage_planner/__init__.py -> /home/ahmad/coverage_ws/build/coverage_planner/build/lib/coverage_planner
[1.577s] copying coverage_planner/coverage_planner_node.py -> /home/ahmad/coverage_ws/build/coverage_planner/build/lib/coverage_planner
[1.578s] running install
[1.584s] running install_lib
[1.608s] copying /home/ahmad/coverage_ws/build/coverage_planner/build/lib/coverage_planner/coverage_planner_node.py -> /home/ahmad/coverage_ws/install/coverage_planner/lib/python3.10/site-packages/coverage_planner
[1.609s] byte-compiling /home/ahmad/coverage_ws/install/coverage_planner/lib/python3.10/site-packages/coverage_planner/coverage_planner_node.py to coverage_planner_node.cpython-310.pyc
[1.612s] running install_data
[1.612s] copying resource/coverage_planner -> /home/ahmad/coverage_ws/install/coverage_planner/share/ament_index/resource_index/packages
[1.612s] running install_egg_info
[1.639s] removing '/home/ahmad/coverage_ws/install/coverage_planner/lib/python3.10/site-packages/coverage_planner-0.0.1-py3.10.egg-info' (and everything under it)
[1.639s] Copying ../../build/coverage_planner/coverage_planner.egg-info to /home/ahmad/coverage_ws/install/coverage_planner/lib/python3.10/site-packages/coverage_planner-0.0.1-py3.10.egg-info
[1.641s] running install_scripts
[1.692s] Installing coverage_planner_node script to /home/ahmad/coverage_ws/install/coverage_planner/lib/coverage_planner
[1.692s] writing list of installed files to '/home/ahmad/coverage_ws/build/coverage_planner/install.log'
[1.728s] Invoked command in '/home/ahmad/coverage_ws/src/coverage_planner' returned '0': PYTHONPATH=/home/ahmad/coverage_ws/build/coverage_planner/prefix_override:/usr/lib/python3/dist-packages/colcon_core/task/python/colcon_distutils_commands:/home/ahmad/coverage_ws/install/coverage_planner/lib/python3.10/site-packages:${PYTHONPATH} /usr/bin/python3 -W ignore:setup.py install is deprecated -W ignore:easy_install command is deprecated setup.py egg_info --egg-base ../../build/coverage_planner build --build-base /home/ahmad/coverage_ws/build/coverage_planner/build install --record /home/ahmad/coverage_ws/build/coverage_planner/install.log --install-scripts $base/lib/coverage_planner --single-version-externally-managed install_data
