[1.744s] Invoking command in '/home/ahmad/coverage_ws/src/coverage_planner': PYTHONPATH=/home/ahmad/coverage_ws/build/coverage_planner/prefix_override:/usr/lib/python3/dist-packages/colcon_core/task/python/colcon_distutils_commands:/home/ahmad/coverage_ws/install/coverage_planner/lib/python3.10/site-packages:${PYTHONPATH} /usr/bin/python3 -W ignore:setup.py install is deprecated -W ignore:easy_install command is deprecated setup.py egg_info --egg-base ../../build/coverage_planner build --build-base /home/ahmad/coverage_ws/build/coverage_planner/build install --record /home/ahmad/coverage_ws/build/coverage_planner/install.log --install-scripts $base/lib/coverage_planner --single-version-externally-managed install_data
[2.105s] /home/ahmad/.local/lib/python3.10/site-packages/setuptools/dist.py:599: SetuptoolsDeprecationWarning: Invalid dash-separated key 'script-dir' in 'develop' (setup.cfg), please use the underscore name 'script_dir' instead.
[2.105s] !!
[2.105s] 
[2.105s]         ********************************************************************************
[2.105s]         Usage of dash-separated 'script-dir' will not be supported in future
[2.105s]         versions. Please use the underscore name 'script_dir' instead.
[2.106s] 
[2.106s] 
[2.106s]         Available configuration options are listed in:
[2.106s]         https://setuptools.pypa.io/en/latest/userguide/declarative_config.html
[2.106s] 
[2.106s]         This deprecation is overdue, please update your project and remove deprecated
[2.106s]         calls to avoid build errors in the future.
[2.107s] 
[2.107s]         See https://github.com/pypa/setuptools/discussions/5011 for details.
[2.107s]         ********************************************************************************
[2.107s] 
[2.108s] !!
[2.108s]   opt = self._enforce_underscore(opt, section)
[2.153s] /home/ahmad/.local/lib/python3.10/site-packages/setuptools/_distutils/dist.py:288: UserWarning: Unknown distribution option: 'tests_require'
[2.154s]   warnings.warn(msg)
[2.242s] /home/ahmad/.local/lib/python3.10/site-packages/setuptools/dist.py:599: SetuptoolsDeprecationWarning: Invalid dash-separated key 'script-dir' in 'develop' (setup.cfg), please use the underscore name 'script_dir' instead.
[2.242s] !!
[2.242s] 
[2.242s]         ********************************************************************************
[2.243s]         Usage of dash-separated 'script-dir' will not be supported in future
[2.244s]         versions. Please use the underscore name 'script_dir' instead.
[2.244s]         (Affected: coverage_planner).
[2.244s] 
[2.244s]         Available configuration options are listed in:
[2.245s]         https://setuptools.pypa.io/en/latest/userguide/declarative_config.html
[2.245s] 
[2.245s]         This deprecation is overdue, please update your project and remove deprecated
[2.245s]         calls to avoid build errors in the future.
[2.245s] 
[2.246s]         See https://github.com/pypa/setuptools/discussions/5011 for details.
[2.246s]         ********************************************************************************
[2.246s] 
[2.246s] !!
[2.247s]   opt = self._enforce_underscore(opt, section)
[2.408s] running egg_info
[2.452s] writing ../../build/coverage_planner/coverage_planner.egg-info/PKG-INFO
[2.453s] writing dependency_links to ../../build/coverage_planner/coverage_planner.egg-info/dependency_links.txt
[2.454s] writing entry points to ../../build/coverage_planner/coverage_planner.egg-info/entry_points.txt
[2.456s] writing requirements to ../../build/coverage_planner/coverage_planner.egg-info/requires.txt
[2.457s] writing top-level names to ../../build/coverage_planner/coverage_planner.egg-info/top_level.txt
[2.555s] reading manifest file '../../build/coverage_planner/coverage_planner.egg-info/SOURCES.txt'
[2.560s] writing manifest file '../../build/coverage_planner/coverage_planner.egg-info/SOURCES.txt'
[2.560s] running build
[2.561s] running build_py
[2.562s] copying coverage_planner/__init__.py -> /home/ahmad/coverage_ws/build/coverage_planner/build/lib/coverage_planner
[2.562s] copying coverage_planner/coverage_planner_node.py -> /home/ahmad/coverage_ws/build/coverage_planner/build/lib/coverage_planner
[2.562s] running install
[2.569s] running install_lib
[2.611s] running install_data
[2.612s] copying resource/coverage_planner -> /home/ahmad/coverage_ws/install/coverage_planner/share/ament_index/resource_index/packages
[2.612s] running install_egg_info
[2.657s] removing '/home/ahmad/coverage_ws/install/coverage_planner/lib/python3.10/site-packages/coverage_planner-0.0.1-py3.10.egg-info' (and everything under it)
[2.658s] Copying ../../build/coverage_planner/coverage_planner.egg-info to /home/ahmad/coverage_ws/install/coverage_planner/lib/python3.10/site-packages/coverage_planner-0.0.1-py3.10.egg-info
[2.659s] running install_scripts
[2.752s] Installing coverage_planner_node script to /home/ahmad/coverage_ws/install/coverage_planner/lib/coverage_planner
[2.752s] writing list of installed files to '/home/ahmad/coverage_ws/build/coverage_planner/install.log'
[2.827s] Invoked command in '/home/ahmad/coverage_ws/src/coverage_planner' returned '0': PYTHONPATH=/home/ahmad/coverage_ws/build/coverage_planner/prefix_override:/usr/lib/python3/dist-packages/colcon_core/task/python/colcon_distutils_commands:/home/ahmad/coverage_ws/install/coverage_planner/lib/python3.10/site-packages:${PYTHONPATH} /usr/bin/python3 -W ignore:setup.py install is deprecated -W ignore:easy_install command is deprecated setup.py egg_info --egg-base ../../build/coverage_planner build --build-base /home/ahmad/coverage_ws/build/coverage_planner/build install --record /home/ahmad/coverage_ws/build/coverage_planner/install.log --install-scripts $base/lib/coverage_planner --single-version-externally-managed install_data
