[1.625s] Invoking command in '/home/ahmad/coverage_ws/src/coverage_planner': PYTHONPATH=/home/ahmad/coverage_ws/build/coverage_planner/prefix_override:/usr/lib/python3/dist-packages/colcon_core/task/python/colcon_distutils_commands:/home/ahmad/coverage_ws/install/coverage_planner/lib/python3.10/site-packages:${PYTHONPATH} /usr/bin/python3 -W ignore:setup.py install is deprecated -W ignore:easy_install command is deprecated setup.py egg_info --egg-base ../../build/coverage_planner build --build-base /home/ahmad/coverage_ws/build/coverage_planner/build install --record /home/ahmad/coverage_ws/build/coverage_planner/install.log --install-scripts $base/lib/coverage_planner --single-version-externally-managed install_data
[1.963s] /home/ahmad/.local/lib/python3.10/site-packages/setuptools/dist.py:599: SetuptoolsDeprecationWarning: Invalid dash-separated key 'script-dir' in 'develop' (setup.cfg), please use the underscore name 'script_dir' instead.
[1.964s] !!
[1.964s] 
[1.964s]         ********************************************************************************
[1.964s]         Usage of dash-separated 'script-dir' will not be supported in future
[1.964s]         versions. Please use the underscore name 'script_dir' instead.
[1.964s] 
[1.965s] 
[1.965s]         Available configuration options are listed in:
[1.965s]         https://setuptools.pypa.io/en/latest/userguide/declarative_config.html
[1.965s] 
[1.968s]         This deprecation is overdue, please update your project and remove deprecated
[1.969s]         calls to avoid build errors in the future.
[1.969s] 
[1.969s]         See https://github.com/pypa/setuptools/discussions/5011 for details.
[1.970s]         ********************************************************************************
[1.970s] 
[1.970s] !!
[1.970s]   opt = self._enforce_underscore(opt, section)
[2.009s] /home/ahmad/.local/lib/python3.10/site-packages/setuptools/_distutils/dist.py:288: UserWarning: Unknown distribution option: 'tests_require'
[2.009s]   warnings.warn(msg)
[2.171s] /home/ahmad/.local/lib/python3.10/site-packages/setuptools/dist.py:599: SetuptoolsDeprecationWarning: Invalid dash-separated key 'script-dir' in 'develop' (setup.cfg), please use the underscore name 'script_dir' instead.
[2.172s] !!
[2.172s] 
[2.172s]         ********************************************************************************
[2.172s]         Usage of dash-separated 'script-dir' will not be supported in future
[2.172s]         versions. Please use the underscore name 'script_dir' instead.
[2.172s]         (Affected: coverage_planner).
[2.173s] 
[2.173s]         Available configuration options are listed in:
[2.173s]         https://setuptools.pypa.io/en/latest/userguide/declarative_config.html
[2.173s] 
[2.173s]         This deprecation is overdue, please update your project and remove deprecated
[2.173s]         calls to avoid build errors in the future.
[2.174s] 
[2.174s]         See https://github.com/pypa/setuptools/discussions/5011 for details.
[2.174s]         ********************************************************************************
[2.174s] 
[2.174s] !!
[2.174s]   opt = self._enforce_underscore(opt, section)
[2.250s] running egg_info
[2.283s] writing ../../build/coverage_planner/coverage_planner.egg-info/PKG-INFO
[2.284s] writing dependency_links to ../../build/coverage_planner/coverage_planner.egg-info/dependency_links.txt
[2.285s] writing entry points to ../../build/coverage_planner/coverage_planner.egg-info/entry_points.txt
[2.285s] writing requirements to ../../build/coverage_planner/coverage_planner.egg-info/requires.txt
[2.286s] writing top-level names to ../../build/coverage_planner/coverage_planner.egg-info/top_level.txt
[2.384s] reading manifest file '../../build/coverage_planner/coverage_planner.egg-info/SOURCES.txt'
[2.387s] writing manifest file '../../build/coverage_planner/coverage_planner.egg-info/SOURCES.txt'
[2.387s] running build
[2.388s] running build_py
[2.388s] copying coverage_planner/__init__.py -> /home/ahmad/coverage_ws/build/coverage_planner/build/lib/coverage_planner
[2.389s] copying coverage_planner/coverage_planner_node.py -> /home/ahmad/coverage_ws/build/coverage_planner/build/lib/coverage_planner
[2.389s] copying coverage_planner/mission_executor.py -> /home/ahmad/coverage_ws/build/coverage_planner/build/lib/coverage_planner
[2.389s] running install
[2.399s] running install_lib
[2.457s] copying /home/ahmad/coverage_ws/build/coverage_planner/build/lib/coverage_planner/mission_executor.py -> /home/ahmad/coverage_ws/install/coverage_planner/lib/python3.10/site-packages/coverage_planner
[2.458s] byte-compiling /home/ahmad/coverage_ws/install/coverage_planner/lib/python3.10/site-packages/coverage_planner/mission_executor.py to mission_executor.cpython-310.pyc
[2.461s] running install_data
[2.463s] copying resource/coverage_planner -> /home/ahmad/coverage_ws/install/coverage_planner/share/ament_index/resource_index/packages
[2.465s] running install_egg_info
[2.511s] removing '/home/ahmad/coverage_ws/install/coverage_planner/lib/python3.10/site-packages/coverage_planner-0.0.1-py3.10.egg-info' (and everything under it)
[2.512s] Copying ../../build/coverage_planner/coverage_planner.egg-info to /home/ahmad/coverage_ws/install/coverage_planner/lib/python3.10/site-packages/coverage_planner-0.0.1-py3.10.egg-info
[2.514s] running install_scripts
[2.592s] Installing coverage_planner_node script to /home/ahmad/coverage_ws/install/coverage_planner/lib/coverage_planner
[2.593s] writing list of installed files to '/home/ahmad/coverage_ws/build/coverage_planner/install.log'
[2.645s] Invoked command in '/home/ahmad/coverage_ws/src/coverage_planner' returned '0': PYTHONPATH=/home/ahmad/coverage_ws/build/coverage_planner/prefix_override:/usr/lib/python3/dist-packages/colcon_core/task/python/colcon_distutils_commands:/home/ahmad/coverage_ws/install/coverage_planner/lib/python3.10/site-packages:${PYTHONPATH} /usr/bin/python3 -W ignore:setup.py install is deprecated -W ignore:easy_install command is deprecated setup.py egg_info --egg-base ../../build/coverage_planner build --build-base /home/ahmad/coverage_ws/build/coverage_planner/build install --record /home/ahmad/coverage_ws/build/coverage_planner/install.log --install-scripts $base/lib/coverage_planner --single-version-externally-managed install_data
