running egg_info
writing ../../build/coverage_planner/coverage_planner.egg-info/PKG-INFO
writing dependency_links to ../../build/coverage_planner/coverage_planner.egg-info/dependency_links.txt
writing entry points to ../../build/coverage_planner/coverage_planner.egg-info/entry_points.txt
writing requirements to ../../build/coverage_planner/coverage_planner.egg-info/requires.txt
writing top-level names to ../../build/coverage_planner/coverage_planner.egg-info/top_level.txt
reading manifest file '../../build/coverage_planner/coverage_planner.egg-info/SOURCES.txt'
writing manifest file '../../build/coverage_planner/coverage_planner.egg-info/SOURCES.txt'
running build
running build_py
copying coverage_planner/__init__.py -> /home/ahmad/coverage_ws/build/coverage_planner/build/lib/coverage_planner
copying coverage_planner/coverage_planner_node.py -> /home/ahmad/coverage_ws/build/coverage_planner/build/lib/coverage_planner
running install
running install_lib
copying /home/ahmad/coverage_ws/build/coverage_planner/build/lib/coverage_planner/coverage_planner_node.py -> /home/ahmad/coverage_ws/install/coverage_planner/lib/python3.10/site-packages/coverage_planner
byte-compiling /home/ahmad/coverage_ws/install/coverage_planner/lib/python3.10/site-packages/coverage_planner/coverage_planner_node.py to coverage_planner_node.cpython-310.pyc
running install_data
copying resource/coverage_planner -> /home/ahmad/coverage_ws/install/coverage_planner/share/ament_index/resource_index/packages
running install_egg_info
removing '/home/ahmad/coverage_ws/install/coverage_planner/lib/python3.10/site-packages/coverage_planner-0.0.1-py3.10.egg-info' (and everything under it)
Copying ../../build/coverage_planner/coverage_planner.egg-info to /home/ahmad/coverage_ws/install/coverage_planner/lib/python3.10/site-packages/coverage_planner-0.0.1-py3.10.egg-info
running install_scripts
Installing coverage_planner_node script to /home/ahmad/coverage_ws/install/coverage_planner/lib/coverage_planner
writing list of installed files to '/home/ahmad/coverage_ws/build/coverage_planner/install.log'
