[0.249s] DEBUG:colcon:Command line arguments: ['/usr/bin/colcon', 'build', '--packages-select', 'coverage_planner', '--symlink-install']
[0.249s] DEBUG:colcon:Parsed command line arguments: Namespace(log_base=None, log_level=None, verb_name='build', build_base='build', install_base='install', merge_install=False, symlink_install=True, test_result_base=None, continue_on_error=False, executor='parallel', parallel_workers=4, event_handlers=None, ignore_user_meta=False, metas=['./colcon.meta'], base_paths=['.'], packages_ignore=None, packages_ignore_regex=None, paths=None, packages_up_to=None, packages_up_to_regex=None, packages_above=None, packages_above_and_dependencies=None, packages_above_depth=None, packages_select_by_dep=None, packages_skip_by_dep=None, packages_skip_up_to=None, packages_select_build_failed=False, packages_skip_build_finished=False, packages_select_test_failures=False, packages_skip_test_passed=False, packages_select=['coverage_planner'], packages_skip=None, packages_select_regex=None, packages_skip_regex=None, packages_start=None, packages_end=None, allow_overriding=[], cmake_args=None, cmake_target=None, cmake_target_skip_unavailable=False, cmake_clean_cache=False, cmake_clean_first=False, cmake_force_configure=False, ament_cmake_args=None, catkin_cmake_args=None, catkin_skip_building_tests=False, verb_parser=<colcon_defaults.argument_parser.defaults.DefaultArgumentsDecorator object at 0x746ec54818a0>, verb_extension=<colcon_core.verb.build.BuildVerb object at 0x746ec555f6a0>, main=<bound method BuildVerb.main of <colcon_core.verb.build.BuildVerb object at 0x746ec555f6a0>>)
[0.342s] Level 1:colcon.colcon_core.package_discovery:discover_packages(colcon_meta) check parameters
[0.343s] Level 1:colcon.colcon_core.package_discovery:discover_packages(recursive) check parameters
[0.343s] Level 1:colcon.colcon_core.package_discovery:discover_packages(ignore) check parameters
[0.343s] Level 1:colcon.colcon_core.package_discovery:discover_packages(path) check parameters
[0.343s] Level 1:colcon.colcon_core.package_discovery:discover_packages(colcon_meta) discover
[0.343s] Level 1:colcon.colcon_core.package_discovery:discover_packages(recursive) discover
[0.343s] INFO:colcon.colcon_core.package_discovery:Crawling recursively for packages in '/home/ahmad/coverage_ws'
[0.343s] Level 1:colcon.colcon_core.package_identification:_identify(.) by extensions ['ignore', 'ignore_ament_install']
[0.344s] Level 1:colcon.colcon_core.package_identification:_identify(.) by extension 'ignore'
[0.344s] Level 1:colcon.colcon_core.package_identification:_identify(.) by extension 'ignore_ament_install'
[0.344s] Level 1:colcon.colcon_core.package_identification:_identify(.) by extensions ['colcon_pkg']
[0.344s] Level 1:colcon.colcon_core.package_identification:_identify(.) by extension 'colcon_pkg'
[0.344s] Level 1:colcon.colcon_core.package_identification:_identify(.) by extensions ['colcon_meta']
[0.344s] Level 1:colcon.colcon_core.package_identification:_identify(.) by extension 'colcon_meta'
[0.344s] Level 1:colcon.colcon_core.package_identification:_identify(.) by extensions ['ros']
[0.344s] Level 1:colcon.colcon_core.package_identification:_identify(.) by extension 'ros'
[0.381s] Level 1:colcon.colcon_core.package_identification:_identify(.) by extensions ['cmake', 'python']
[0.382s] Level 1:colcon.colcon_core.package_identification:_identify(.) by extension 'cmake'
[0.382s] Level 1:colcon.colcon_core.package_identification:_identify(.) by extension 'python'
[0.382s] Level 1:colcon.colcon_core.package_identification:_identify(.) by extensions ['python_setup_py']
[0.382s] Level 1:colcon.colcon_core.package_identification:_identify(.) by extension 'python_setup_py'
[0.382s] Level 1:colcon.colcon_core.package_identification:_identify(build) by extensions ['ignore', 'ignore_ament_install']
[0.382s] Level 1:colcon.colcon_core.package_identification:_identify(build) by extension 'ignore'
[0.382s] Level 1:colcon.colcon_core.package_identification:_identify(build) ignored
[0.383s] Level 1:colcon.colcon_core.package_identification:_identify(install) by extensions ['ignore', 'ignore_ament_install']
[0.383s] Level 1:colcon.colcon_core.package_identification:_identify(install) by extension 'ignore'
[0.383s] Level 1:colcon.colcon_core.package_identification:_identify(install) ignored
[0.383s] Level 1:colcon.colcon_core.package_identification:_identify(log) by extensions ['ignore', 'ignore_ament_install']
[0.383s] Level 1:colcon.colcon_core.package_identification:_identify(log) by extension 'ignore'
[0.384s] Level 1:colcon.colcon_core.package_identification:_identify(log) ignored
[0.384s] Level 1:colcon.colcon_core.package_identification:_identify(src) by extensions ['ignore', 'ignore_ament_install']
[0.384s] Level 1:colcon.colcon_core.package_identification:_identify(src) by extension 'ignore'
[0.384s] Level 1:colcon.colcon_core.package_identification:_identify(src) by extension 'ignore_ament_install'
[0.384s] Level 1:colcon.colcon_core.package_identification:_identify(src) by extensions ['colcon_pkg']
[0.384s] Level 1:colcon.colcon_core.package_identification:_identify(src) by extension 'colcon_pkg'
[0.384s] Level 1:colcon.colcon_core.package_identification:_identify(src) by extensions ['colcon_meta']
[0.384s] Level 1:colcon.colcon_core.package_identification:_identify(src) by extension 'colcon_meta'
[0.384s] Level 1:colcon.colcon_core.package_identification:_identify(src) by extensions ['ros']
[0.385s] Level 1:colcon.colcon_core.package_identification:_identify(src) by extension 'ros'
[0.385s] Level 1:colcon.colcon_core.package_identification:_identify(src) by extensions ['cmake', 'python']
[0.385s] Level 1:colcon.colcon_core.package_identification:_identify(src) by extension 'cmake'
[0.385s] Level 1:colcon.colcon_core.package_identification:_identify(src) by extension 'python'
[0.385s] Level 1:colcon.colcon_core.package_identification:_identify(src) by extensions ['python_setup_py']
[0.385s] Level 1:colcon.colcon_core.package_identification:_identify(src) by extension 'python_setup_py'
[0.385s] Level 1:colcon.colcon_core.package_identification:_identify(src/coverage_planner) by extensions ['ignore', 'ignore_ament_install']
[0.386s] Level 1:colcon.colcon_core.package_identification:_identify(src/coverage_planner) by extension 'ignore'
[0.386s] Level 1:colcon.colcon_core.package_identification:_identify(src/coverage_planner) by extension 'ignore_ament_install'
[0.386s] Level 1:colcon.colcon_core.package_identification:_identify(src/coverage_planner) by extensions ['colcon_pkg']
[0.386s] Level 1:colcon.colcon_core.package_identification:_identify(src/coverage_planner) by extension 'colcon_pkg'
[0.386s] Level 1:colcon.colcon_core.package_identification:_identify(src/coverage_planner) by extensions ['colcon_meta']
[0.386s] Level 1:colcon.colcon_core.package_identification:_identify(src/coverage_planner) by extension 'colcon_meta'
[0.386s] Level 1:colcon.colcon_core.package_identification:_identify(src/coverage_planner) by extensions ['ros']
[0.386s] Level 1:colcon.colcon_core.package_identification:_identify(src/coverage_planner) by extension 'ros'
[0.392s] DEBUG:colcon.colcon_core.package_identification:Package 'src/coverage_planner' with type 'ros.ament_python' and name 'coverage_planner'
[0.392s] Level 1:colcon.colcon_core.package_discovery:discover_packages(recursive) using defaults
[0.392s] Level 1:colcon.colcon_core.package_discovery:discover_packages(ignore) discover
[0.392s] Level 1:colcon.colcon_core.package_discovery:discover_packages(ignore) using defaults
[0.392s] Level 1:colcon.colcon_core.package_discovery:discover_packages(path) discover
[0.392s] Level 1:colcon.colcon_core.package_discovery:discover_packages(path) using defaults
[0.444s] Level 1:colcon.colcon_core.package_discovery:discover_packages(prefix_path) check parameters
[0.444s] Level 1:colcon.colcon_core.package_discovery:discover_packages(prefix_path) discover
[0.448s] WARNING:colcon.colcon_ros.prefix_path.ament:The path '/home/ahmad/coverage_ws/install/coverage_planner' in the environment variable AMENT_PREFIX_PATH doesn't exist
[0.450s] DEBUG:colcon.colcon_installed_package_information.package_discovery:Found 0 installed packages in /home/ahmad/coverage_ws/install
[0.454s] DEBUG:colcon.colcon_installed_package_information.package_discovery:Found 288 installed packages in /opt/ros/humble
[0.458s] Level 1:colcon.colcon_core.package_discovery:discover_packages(prefix_path) using defaults
[0.552s] Level 5:colcon.colcon_core.verb:set package 'coverage_planner' build argument 'cmake_args' from command line to 'None'
[0.552s] Level 5:colcon.colcon_core.verb:set package 'coverage_planner' build argument 'cmake_target' from command line to 'None'
[0.552s] Level 5:colcon.colcon_core.verb:set package 'coverage_planner' build argument 'cmake_target_skip_unavailable' from command line to 'False'
[0.552s] Level 5:colcon.colcon_core.verb:set package 'coverage_planner' build argument 'cmake_clean_cache' from command line to 'False'
[0.552s] Level 5:colcon.colcon_core.verb:set package 'coverage_planner' build argument 'cmake_clean_first' from command line to 'False'
[0.552s] Level 5:colcon.colcon_core.verb:set package 'coverage_planner' build argument 'cmake_force_configure' from command line to 'False'
[0.552s] Level 5:colcon.colcon_core.verb:set package 'coverage_planner' build argument 'ament_cmake_args' from command line to 'None'
[0.552s] Level 5:colcon.colcon_core.verb:set package 'coverage_planner' build argument 'catkin_cmake_args' from command line to 'None'
[0.552s] Level 5:colcon.colcon_core.verb:set package 'coverage_planner' build argument 'catkin_skip_building_tests' from command line to 'False'
[0.552s] DEBUG:colcon.colcon_core.verb:Building package 'coverage_planner' with the following arguments: {'ament_cmake_args': None, 'build_base': '/home/ahmad/coverage_ws/build/coverage_planner', 'catkin_cmake_args': None, 'catkin_skip_building_tests': False, 'cmake_args': None, 'cmake_clean_cache': False, 'cmake_clean_first': False, 'cmake_force_configure': False, 'cmake_target': None, 'cmake_target_skip_unavailable': False, 'install_base': '/home/ahmad/coverage_ws/install/coverage_planner', 'merge_install': False, 'path': '/home/ahmad/coverage_ws/src/coverage_planner', 'symlink_install': True, 'test_result_base': None}
[0.552s] INFO:colcon.colcon_core.executor:Executing jobs using 'parallel' executor
[0.554s] DEBUG:colcon.colcon_parallel_executor.executor.parallel:run_until_complete
[0.555s] INFO:colcon.colcon_ros.task.ament_python.build:Building ROS package in '/home/ahmad/coverage_ws/src/coverage_planner' with build type 'ament_python'
[0.555s] Level 1:colcon.colcon_core.shell:create_environment_hook('coverage_planner', 'ament_prefix_path')
[0.558s] INFO:colcon.colcon_core.plugin_system:Skipping extension 'colcon_core.shell.bat': Not used on non-Windows systems
[0.559s] INFO:colcon.colcon_core.shell:Creating environment hook '/home/ahmad/coverage_ws/install/coverage_planner/share/coverage_planner/hook/ament_prefix_path.ps1'
[0.560s] INFO:colcon.colcon_core.shell:Creating environment descriptor '/home/ahmad/coverage_ws/install/coverage_planner/share/coverage_planner/hook/ament_prefix_path.dsv'
[0.562s] INFO:colcon.colcon_core.shell:Creating environment hook '/home/ahmad/coverage_ws/install/coverage_planner/share/coverage_planner/hook/ament_prefix_path.sh'
[0.564s] INFO:colcon.colcon_core.shell:Skip shell extension 'powershell' for command environment: Not usable outside of PowerShell
[0.564s] DEBUG:colcon.colcon_core.shell:Skip shell extension 'dsv' for command environment
[1.294s] INFO:colcon.colcon_core.task.python.build:Building Python package in '/home/ahmad/coverage_ws/src/coverage_planner'
[1.295s] INFO:colcon.colcon_core.shell:Skip shell extension 'powershell' for command environment: Not usable outside of PowerShell
[1.295s] DEBUG:colcon.colcon_core.shell:Skip shell extension 'dsv' for command environment
[2.370s] DEBUG:colcon.colcon_core.task.python.build:Available setuptools commands: bdist_egg, saveopts, clean, build, compile_catalog, editable_wheel, easy_install, bdist, install, bdist_dumb, build_py, build_clib, install_headers, rotate, setopt, egg_info, build_scripts, bdist_rpm, update_catalog, install_scripts, develop, extract_messages, symlink_data, init_catalog, alias, dist_info, build_ext, bdist_wheel, install_data, sdist, check, install_egg_info, install_lib
[2.923s] DEBUG:colcon.colcon_core.task.python.build:Available setuptools 'develop' options: --no-user-cfg, --help, --no-deps, --index-url, --install-dir, --quiet, --user, --prefix, --verbose
[2.923s] INFO:colcon.colcon_core.task.python.build:No '--editable' capability in setuptools, falling back to full install
[2.928s] DEBUG:colcon.colcon_core.event_handler.log_command:Invoking command in '/home/ahmad/coverage_ws/src/coverage_planner': PYTHONPATH=/home/ahmad/coverage_ws/build/coverage_planner/prefix_override:/usr/lib/python3/dist-packages/colcon_core/task/python/colcon_distutils_commands:/home/ahmad/coverage_ws/install/coverage_planner/lib/python3.10/site-packages:${PYTHONPATH} /usr/bin/python3 -W ignore:setup.py install is deprecated -W ignore:easy_install command is deprecated setup.py egg_info --egg-base ../../build/coverage_planner build --build-base /home/ahmad/coverage_ws/build/coverage_planner/build install --record /home/ahmad/coverage_ws/build/coverage_planner/install.log --install-scripts $base/lib/coverage_planner --single-version-externally-managed install_data
[4.020s] DEBUG:colcon.colcon_core.event_handler.log_command:Invoked command in '/home/ahmad/coverage_ws/src/coverage_planner' returned '0': PYTHONPATH=/home/ahmad/coverage_ws/build/coverage_planner/prefix_override:/usr/lib/python3/dist-packages/colcon_core/task/python/colcon_distutils_commands:/home/ahmad/coverage_ws/install/coverage_planner/lib/python3.10/site-packages:${PYTHONPATH} /usr/bin/python3 -W ignore:setup.py install is deprecated -W ignore:easy_install command is deprecated setup.py egg_info --egg-base ../../build/coverage_planner build --build-base /home/ahmad/coverage_ws/build/coverage_planner/build install --record /home/ahmad/coverage_ws/build/coverage_planner/install.log --install-scripts $base/lib/coverage_planner --single-version-externally-managed install_data
[4.025s] Level 1:colcon.colcon_core.environment:checking '/home/ahmad/coverage_ws/install/coverage_planner' for CMake module files
[4.026s] Level 1:colcon.colcon_core.environment:checking '/home/ahmad/coverage_ws/install/coverage_planner' for CMake config files
[4.027s] Level 1:colcon.colcon_core.environment:checking '/home/ahmad/coverage_ws/install/coverage_planner/lib'
[4.027s] Level 1:colcon.colcon_core.environment:checking '/home/ahmad/coverage_ws/install/coverage_planner/bin'
[4.027s] Level 1:colcon.colcon_core.environment:checking '/home/ahmad/coverage_ws/install/coverage_planner/lib/pkgconfig/coverage_planner.pc'
[4.028s] Level 1:colcon.colcon_core.environment:checking '/home/ahmad/coverage_ws/install/coverage_planner/lib/python3.10/site-packages'
[4.028s] Level 1:colcon.colcon_core.shell:create_environment_hook('coverage_planner', 'pythonpath')
[4.028s] INFO:colcon.colcon_core.shell:Creating environment hook '/home/ahmad/coverage_ws/install/coverage_planner/share/coverage_planner/hook/pythonpath.ps1'
[4.029s] INFO:colcon.colcon_core.shell:Creating environment descriptor '/home/ahmad/coverage_ws/install/coverage_planner/share/coverage_planner/hook/pythonpath.dsv'
[4.029s] INFO:colcon.colcon_core.shell:Creating environment hook '/home/ahmad/coverage_ws/install/coverage_planner/share/coverage_planner/hook/pythonpath.sh'
[4.031s] Level 1:colcon.colcon_core.environment:checking '/home/ahmad/coverage_ws/install/coverage_planner/bin'
[4.031s] Level 1:colcon.colcon_core.environment:create_environment_scripts_only(coverage_planner)
[4.032s] INFO:colcon.colcon_core.shell:Creating package script '/home/ahmad/coverage_ws/install/coverage_planner/share/coverage_planner/package.ps1'
[4.034s] INFO:colcon.colcon_core.shell:Creating package descriptor '/home/ahmad/coverage_ws/install/coverage_planner/share/coverage_planner/package.dsv'
[4.036s] INFO:colcon.colcon_core.shell:Creating package script '/home/ahmad/coverage_ws/install/coverage_planner/share/coverage_planner/package.sh'
[4.038s] INFO:colcon.colcon_core.shell:Creating package script '/home/ahmad/coverage_ws/install/coverage_planner/share/coverage_planner/package.bash'
[4.040s] INFO:colcon.colcon_core.shell:Creating package script '/home/ahmad/coverage_ws/install/coverage_planner/share/coverage_planner/package.zsh'
[4.041s] Level 1:colcon.colcon_core.environment:create_file_with_runtime_dependencies(/home/ahmad/coverage_ws/install/coverage_planner/share/colcon-core/packages/coverage_planner)
[4.042s] DEBUG:colcon.colcon_parallel_executor.executor.parallel:closing loop
[4.043s] DEBUG:colcon.colcon_parallel_executor.executor.parallel:loop closed
[4.043s] DEBUG:colcon.colcon_parallel_executor.executor.parallel:run_until_complete finished with '0'
[4.043s] DEBUG:colcon.colcon_core.event_reactor:joining thread
[4.054s] INFO:colcon.colcon_core.plugin_system:Skipping extension 'colcon_notification.desktop_notification.terminal_notifier': Not used on non-Darwin systems
[4.054s] INFO:colcon.colcon_core.plugin_system:Skipping extension 'colcon_notification.desktop_notification.win32': Not used on non-Windows systems
[4.054s] INFO:colcon.colcon_notification.desktop_notification:Sending desktop notification using 'notify2'
[4.079s] DEBUG:colcon.colcon_core.event_reactor:joined thread
[4.080s] INFO:colcon.colcon_core.shell:Creating prefix script '/home/ahmad/coverage_ws/install/local_setup.ps1'
[4.085s] INFO:colcon.colcon_core.shell:Creating prefix util module '/home/ahmad/coverage_ws/install/_local_setup_util_ps1.py'
[4.089s] INFO:colcon.colcon_core.shell:Creating prefix chain script '/home/ahmad/coverage_ws/install/setup.ps1'
[4.093s] INFO:colcon.colcon_core.shell:Creating prefix script '/home/ahmad/coverage_ws/install/local_setup.sh'
[4.094s] INFO:colcon.colcon_core.shell:Creating prefix util module '/home/ahmad/coverage_ws/install/_local_setup_util_sh.py'
[4.096s] INFO:colcon.colcon_core.shell:Creating prefix chain script '/home/ahmad/coverage_ws/install/setup.sh'
[4.099s] INFO:colcon.colcon_core.shell:Creating prefix script '/home/ahmad/coverage_ws/install/local_setup.bash'
[4.100s] INFO:colcon.colcon_core.shell:Creating prefix chain script '/home/ahmad/coverage_ws/install/setup.bash'
[4.104s] INFO:colcon.colcon_core.shell:Creating prefix script '/home/ahmad/coverage_ws/install/local_setup.zsh'
[4.105s] INFO:colcon.colcon_core.shell:Creating prefix chain script '/home/ahmad/coverage_ws/install/setup.zsh'
