running egg_info
creating ../../build/coverage_planner/coverage_planner.egg-info
writing ../../build/coverage_planner/coverage_planner.egg-info/PKG-INFO
writing dependency_links to ../../build/coverage_planner/coverage_planner.egg-info/dependency_links.txt
writing entry points to ../../build/coverage_planner/coverage_planner.egg-info/entry_points.txt
writing requirements to ../../build/coverage_planner/coverage_planner.egg-info/requires.txt
writing top-level names to ../../build/coverage_planner/coverage_planner.egg-info/top_level.txt
writing manifest file '../../build/coverage_planner/coverage_planner.egg-info/SOURCES.txt'
reading manifest file '../../build/coverage_planner/coverage_planner.egg-info/SOURCES.txt'
writing manifest file '../../build/coverage_planner/coverage_planner.egg-info/SOURCES.txt'
running build
running build_py
creating /home/ahmad/coverage_ws/build/coverage_planner/build/lib/coverage_planner
copying coverage_planner/__init__.py -> /home/ahmad/coverage_ws/build/coverage_planner/build/lib/coverage_planner
copying coverage_planner/coverage_planner_node.py -> /home/ahmad/coverage_ws/build/coverage_planner/build/lib/coverage_planner
running install
running install_lib
creating /home/ahmad/coverage_ws/install/coverage_planner/lib/python3.10/site-packages/coverage_planner
copying /home/ahmad/coverage_ws/build/coverage_planner/build/lib/coverage_planner/__init__.py -> /home/ahmad/coverage_ws/install/coverage_planner/lib/python3.10/site-packages/coverage_planner
copying /home/ahmad/coverage_ws/build/coverage_planner/build/lib/coverage_planner/coverage_planner_node.py -> /home/ahmad/coverage_ws/install/coverage_planner/lib/python3.10/site-packages/coverage_planner
byte-compiling /home/ahmad/coverage_ws/install/coverage_planner/lib/python3.10/site-packages/coverage_planner/__init__.py to __init__.cpython-310.pyc
byte-compiling /home/ahmad/coverage_ws/install/coverage_planner/lib/python3.10/site-packages/coverage_planner/coverage_planner_node.py to coverage_planner_node.cpython-310.pyc
running install_data
creating /home/ahmad/coverage_ws/install/coverage_planner/share/ament_index/resource_index/packages
copying resource/coverage_planner -> /home/ahmad/coverage_ws/install/coverage_planner/share/ament_index/resource_index/packages
copying package.xml -> /home/ahmad/coverage_ws/install/coverage_planner/share/coverage_planner
running install_egg_info
Copying ../../build/coverage_planner/coverage_planner.egg-info to /home/ahmad/coverage_ws/install/coverage_planner/lib/python3.10/site-packages/coverage_planner-0.0.1-py3.10.egg-info
running install_scripts
Installing coverage_planner_node script to /home/ahmad/coverage_ws/install/coverage_planner/lib/coverage_planner
writing list of installed files to '/home/ahmad/coverage_ws/build/coverage_planner/install.log'
