[2.371s] Invoking command in '/home/ahmad/coverage_ws/src/coverage_planner': PYTHONPATH=/home/ahmad/coverage_ws/build/coverage_planner/prefix_override:/usr/lib/python3/dist-packages/colcon_core/task/python/colcon_distutils_commands:/home/ahmad/coverage_ws/install/coverage_planner/lib/python3.10/site-packages:${PYTHONPATH} /usr/bin/python3 -W ignore:setup.py install is deprecated -W ignore:easy_install command is deprecated setup.py egg_info --egg-base ../../build/coverage_planner build --build-base /home/ahmad/coverage_ws/build/coverage_planner/build install --record /home/ahmad/coverage_ws/build/coverage_planner/install.log --install-scripts $base/lib/coverage_planner --single-version-externally-managed install_data
[2.713s] /home/ahmad/.local/lib/python3.10/site-packages/setuptools/dist.py:599: SetuptoolsDeprecationWarning: Invalid dash-separated key 'script-dir' in 'develop' (setup.cfg), please use the underscore name 'script_dir' instead.
[2.714s] !!
[2.715s] 
[2.715s]         ********************************************************************************
[2.715s]         Usage of dash-separated 'script-dir' will not be supported in future
[2.715s]         versions. Please use the underscore name 'script_dir' instead.
[2.715s] 
[2.716s] 
[2.717s]         Available configuration options are listed in:
[2.717s]         https://setuptools.pypa.io/en/latest/userguide/declarative_config.html
[2.717s] 
[2.717s]         This deprecation is overdue, please update your project and remove deprecated
[2.717s]         calls to avoid build errors in the future.
[2.718s] 
[2.718s]         See https://github.com/pypa/setuptools/discussions/5011 for details.
[2.718s]         ********************************************************************************
[2.719s] 
[2.719s] !!
[2.719s]   opt = self._enforce_underscore(opt, section)
[2.770s] /home/ahmad/.local/lib/python3.10/site-packages/setuptools/_distutils/dist.py:288: UserWarning: Unknown distribution option: 'tests_require'
[2.771s]   warnings.warn(msg)
[2.849s] /home/ahmad/.local/lib/python3.10/site-packages/setuptools/dist.py:599: SetuptoolsDeprecationWarning: Invalid dash-separated key 'script-dir' in 'develop' (setup.cfg), please use the underscore name 'script_dir' instead.
[2.849s] !!
[2.850s] 
[2.850s]         ********************************************************************************
[2.850s]         Usage of dash-separated 'script-dir' will not be supported in future
[2.850s]         versions. Please use the underscore name 'script_dir' instead.
[2.850s]         (Affected: coverage_planner).
[2.850s] 
[2.850s]         Available configuration options are listed in:
[2.851s]         https://setuptools.pypa.io/en/latest/userguide/declarative_config.html
[2.851s] 
[2.851s]         This deprecation is overdue, please update your project and remove deprecated
[2.851s]         calls to avoid build errors in the future.
[2.851s] 
[2.851s]         See https://github.com/pypa/setuptools/discussions/5011 for details.
[2.852s]         ********************************************************************************
[2.852s] 
[2.852s] !!
[2.852s]   opt = self._enforce_underscore(opt, section)
[3.023s] running egg_info
[3.077s] creating ../../build/coverage_planner/coverage_planner.egg-info
[3.078s] writing ../../build/coverage_planner/coverage_planner.egg-info/PKG-INFO
[3.078s] writing dependency_links to ../../build/coverage_planner/coverage_planner.egg-info/dependency_links.txt
[3.079s] writing entry points to ../../build/coverage_planner/coverage_planner.egg-info/entry_points.txt
[3.080s] writing requirements to ../../build/coverage_planner/coverage_planner.egg-info/requires.txt
[3.080s] writing top-level names to ../../build/coverage_planner/coverage_planner.egg-info/top_level.txt
[3.080s] writing manifest file '../../build/coverage_planner/coverage_planner.egg-info/SOURCES.txt'
[3.166s] reading manifest file '../../build/coverage_planner/coverage_planner.egg-info/SOURCES.txt'
[3.169s] writing manifest file '../../build/coverage_planner/coverage_planner.egg-info/SOURCES.txt'
[3.169s] running build
[3.170s] running build_py
[3.170s] creating /home/ahmad/coverage_ws/build/coverage_planner/build/lib/coverage_planner
[3.170s] copying coverage_planner/__init__.py -> /home/ahmad/coverage_ws/build/coverage_planner/build/lib/coverage_planner
[3.170s] copying coverage_planner/coverage_planner_node.py -> /home/ahmad/coverage_ws/build/coverage_planner/build/lib/coverage_planner
[3.172s] running install
[3.183s] running install_lib
[3.252s] creating /home/ahmad/coverage_ws/install/coverage_planner/lib/python3.10/site-packages/coverage_planner
[3.252s] copying /home/ahmad/coverage_ws/build/coverage_planner/build/lib/coverage_planner/__init__.py -> /home/ahmad/coverage_ws/install/coverage_planner/lib/python3.10/site-packages/coverage_planner
[3.252s] copying /home/ahmad/coverage_ws/build/coverage_planner/build/lib/coverage_planner/coverage_planner_node.py -> /home/ahmad/coverage_ws/install/coverage_planner/lib/python3.10/site-packages/coverage_planner
[3.252s] byte-compiling /home/ahmad/coverage_ws/install/coverage_planner/lib/python3.10/site-packages/coverage_planner/__init__.py to __init__.cpython-310.pyc
[3.252s] byte-compiling /home/ahmad/coverage_ws/install/coverage_planner/lib/python3.10/site-packages/coverage_planner/coverage_planner_node.py to coverage_planner_node.cpython-310.pyc
[3.255s] running install_data
[3.256s] creating /home/ahmad/coverage_ws/install/coverage_planner/share/ament_index/resource_index/packages
[3.257s] copying resource/coverage_planner -> /home/ahmad/coverage_ws/install/coverage_planner/share/ament_index/resource_index/packages
[3.257s] copying package.xml -> /home/ahmad/coverage_ws/install/coverage_planner/share/coverage_planner
[3.257s] running install_egg_info
[3.305s] Copying ../../build/coverage_planner/coverage_planner.egg-info to /home/ahmad/coverage_ws/install/coverage_planner/lib/python3.10/site-packages/coverage_planner-0.0.1-py3.10.egg-info
[3.307s] running install_scripts
[3.406s] Installing coverage_planner_node script to /home/ahmad/coverage_ws/install/coverage_planner/lib/coverage_planner
[3.407s] writing list of installed files to '/home/ahmad/coverage_ws/build/coverage_planner/install.log'
[3.463s] Invoked command in '/home/ahmad/coverage_ws/src/coverage_planner' returned '0': PYTHONPATH=/home/ahmad/coverage_ws/build/coverage_planner/prefix_override:/usr/lib/python3/dist-packages/colcon_core/task/python/colcon_distutils_commands:/home/ahmad/coverage_ws/install/coverage_planner/lib/python3.10/site-packages:${PYTHONPATH} /usr/bin/python3 -W ignore:setup.py install is deprecated -W ignore:easy_install command is deprecated setup.py egg_info --egg-base ../../build/coverage_planner build --build-base /home/ahmad/coverage_ws/build/coverage_planner/build install --record /home/ahmad/coverage_ws/build/coverage_planner/install.log --install-scripts $base/lib/coverage_planner --single-version-externally-managed install_data
